CCS PCD C Compiler, Version 5.061, 5967               01-Apr-18 16:11

               Filename:   C:\Users\OLUSEYI\Desktop\PHOTIZZO\50khz SPWM\main.lst

               ROM used:   300 bytes (1%)
                           Largest free fragment is 32468
               RAM used:   128 (6%) at main() level
                           129 (6%) worst case
               Stack used: 0 locations
               Stack size: 128

*
0000:  GOTO    100
.................... #include <main.h> 
.................... #include <30F4011.h> 
.................... //////////// Standard Header file for the DSPIC30F4011 device //////////////// 
.................... /////////////////////////////////////////////////////////////////////////// 
.................... ////        (C) Copyright 1996, 2014 Custom Computer Services          //// 
.................... //// This source code may only be used by licensed users of the CCS C  //// 
.................... //// compiler.  This source code may only be distributed to other      //// 
.................... //// licensed users of the CCS C compiler.  No other use, reproduction //// 
.................... //// or distribution is permitted without written permission.          //// 
.................... //// Derivative programs created using this software in object code    //// 
.................... //// form are not restricted in any way.                               //// 
.................... /////////////////////////////////////////////////////////////////////////// 
.................... #device DSPIC30F4011 
....................  
.................... #list 
....................  
.................... #device ICSP=1 
.................... #use delay(crystal=20000000) 
....................  
.................... #FUSES NOWDT                 	//No Watch Dog Timer 
.................... #FUSES CKSFSM                	//Clock Switching is enabled, fail Safe clock monitor is enabled 
.................... #FUSES NOBROWNOUT            	//No brownout reset 
....................  
....................  
....................  
....................  
....................  
....................  
.................... void main() 
*
0100:  MOV     #F80,W15
0102:  MOV     #FFF,W0
0104:  MOV     W0,20
0106:  NOP     
0108:  BSET.B  81.7
010A:  SETM    2A8
.................... { 
....................  
.................... 	setup_timer2(TMR_INTERNAL | TMR_DIV_BY_1, 13); 
010C:  CLR     110
010E:  MOV     #D,W4
0110:  MOV     W4,10C
0112:  MOV     #8000,W4
0114:  MOV     W4,110
.................... 	setup_timer3(TMR_INTERNAL | TMR_DIV_BY_1, 87); 
0116:  CLR     112
0118:  MOV     #57,W4
011A:  MOV     W4,10E
011C:  MOV     #8000,W4
011E:  MOV     W4,112
....................  
.................... 	setup_compare(1, COMPARE_PWM | COMPARE_TIMER3); 
0120:  MOV     #E,W4
0122:  MOV     W4,184
.................... 	set_pwm_duty(1, 43); 
0124:  MOV     #2B,W4
0126:  MOV     W4,180
....................  
....................  
.................... 	while(TRUE) 
.................... 	{ 
0128:  BRA     128
.................... 		//TODO: User Code 
.................... 	} 
....................  
.................... } 
012A:  PWRSAV  #0

Configuration Fuses:
   Word  1L: 0302   HS PR CKSFSM
          H: 0000  
   Word  2L: 003F   WPSB16 WPSA512 NOWDT
          H: 0000  
   Word  3L: 8733   PUT64 BORRES NOBROWNOUT LPOL_HIGH HPOL_HIGH NOPWMPIN MCLR
          H: 0000  
   Word  4L: 310F  
          H: 0000  
   Word  5L: 330F  
          H: 0000  
   Word  6L: 0007   NOWRT NOPROTECT
          H: 0000  
   Word  7L: C003   ICSP1 NODEBUG
          H: 0000  
